parsing 'char04.mod'...
parse error : at 18:1 : not statement


Done.
