scanning './test/fibonacci.mod'...
  1:1: tComment (//)
  2:1: tComment (// Fibonacci: compute fibonacci numbers)
  3:1: tComment (//)
  4:1: tModule
  4:8: tIdent (fibonacci)
  4:17: tSemicolon
  6:1: tVar
  6:5: tIdent (n)
  6:6: tColon
  6:8: tInteger
  6:15: tSemicolon
  8:1: tComment (// fib(n: integer): integer)
  9:1: tComment (// compute the fibonacci number of n. n >= 0)
  10:1: tFunction
  10:10: tIdent (fib)
  10:13: tLParen
  10:14: tIdent (n)
  10:15: tColon
  10:17: tInteger
  10:24: tRParen
  10:25: tColon
  10:27: tInteger
  10:34: tSemicolon
  11:1: tBegin
  12:3: tIf
  12:6: tLParen
  12:7: tIdent (n)
  12:9: tRelOp (<=)
  12:12: tNumber (1)
  12:13: tRParen
  12:15: tThen
  13:5: tReturn
  13:12: tIdent (n)
  14:3: tElse
  15:5: tReturn
  15:12: tIdent (fib)
  15:15: tLParen
  15:16: tIdent (n)
  15:17: tPlusMinus (-)
  15:18: tNumber (1)
  15:19: tRParen
  15:21: tPlusMinus (+)
  15:23: tIdent (fib)
  15:26: tLParen
  15:27: tIdent (n)
  15:28: tPlusMinus (-)
  15:29: tNumber (2)
  15:30: tRParen
  16:3: tEnd
  17:1: tEnd
  17:5: tIdent (fib)
  17:8: tSemicolon
  19:1: tBegin
  20:3: tIdent (Write)
  20:8: tLParen
  20:9: tString (Enter a number: )
  20:27: tRParen
  20:28: tSemicolon
  21:3: tIdent (n)
  21:5: tAssign
  21:8: tIdent (ReadInt)
  21:15: tLParen
  21:16: tRParen
  21:17: tSemicolon
  23:3: tComment (// loop until the user enters a number < 0)
  24:3: tWhile
  24:9: tLParen
  24:10: tIdent (n)
  24:12: tRelOp (>)
  24:14: tNumber (0)
  24:15: tRParen
  24:17: tDo
  25:5: tIdent (Write)
  25:10: tLParen
  25:11: tString (Result: )
  25:21: tRParen
  25:22: tSemicolon
  25:24: tIdent (WriteInt)
  25:32: tLParen
  25:33: tIdent (fib)
  25:36: tLParen
  25:37: tIdent (n)
  25:38: tRParen
  25:39: tRParen
  25:40: tSemicolon
  25:42: tIdent (WriteLn)
  25:49: tSemicolon
  27:5: tIdent (Write)
  27:10: tLParen
  27:11: tString (Enter a number: )
  27:29: tRParen
  27:30: tSemicolon
  28:5: tIdent (n)
  28:7: tAssign
  28:10: tIdent (ReadInt)
  28:17: tLParen
  28:18: tRParen
  29:3: tEnd
  30:1: tEnd
  30:5: tIdent (fibonacci)
  30:14: tDot
  31:1: tEOF


Done.
