scanning './test/test09.mod'...
  1:1: tCharacter (\0)
  2:1: tCharacter (\\)
  3:1: tEOF


Done.
