scanning './test/test08.mod'...
  1:1: tUndefined (ssss\n)
  2:1: tEOF


Done.
